=== [2026-07-26T17:13:53-07:00] ARM qd2_uncapped ===
skr-07 compute bench — mode=apriltag
  host      : Raspberry Pi 5 Model B Rev 1.1  gov=ondemand
  workload  : {"detector": "pyapriltags tag36h11", "quad_decimate": 2.0}
  soak      : 750s, temp 47.4 -> 56.75 C (max 57.85), steady (drift +0.47 C)
  throttle  : none (raw ['0x0'])

  STEADY fps (published) : 96.615
    source               : BOUNDED min(decode throughput 112.39, delivered cadence 96.62)
    p10 slow tail        : 96.615
    decode ms med / p90  : 8.898 / 9.722
    bound by             : compute/decode (compute headroom 1.16x)
    tag_frac             : 1.0
  cold warm-up fps       : 96.697 (DIAGNOSTIC ONLY — never the gate number)

  GATE-ELIGIBLE: may be passed to tripod_score --stream-fps

=== [2026-07-26T17:26:24-07:00] ARM qd2_uncapped done (exit 0) ===
=== [2026-07-26T17:26:54-07:00] ARM qd1_uncapped ===
skr-07 compute bench — mode=apriltag
  host      : Raspberry Pi 5 Model B Rev 1.1  gov=ondemand
  workload  : {"detector": "pyapriltags tag36h11", "quad_decimate": 1.0}
  soak      : 750s, temp 48.5 -> 57.85 C (max 58.95), steady (drift -0.13 C)
  throttle  : none (raw ['0x0'])

  STEADY fps (published) : 40.339
    source               : BOUNDED min(decode throughput 42.94, delivered cadence 40.34)
    p10 slow tail        : 38.165
    decode ms med / p90  : 23.287 / 26.202
    bound by             : compute/decode (compute headroom 1.06x)
    tag_frac             : 0.4387
  cold warm-up fps       : 38.36 (DIAGNOSTIC ONLY — never the gate number)

  NOT GATE-ELIGIBLE — refusals:
    - NO TAG IN VIEW for most of the soak (tag_frac=0.44 < 0.50): with no candidate quads to refine, decode cost is UNDERSTATED and fps OVERSTATED — the flattering direction for the ~$740 gate

=== [2026-07-26T17:39:24-07:00] ARM qd1_uncapped done (exit 2) ===
=== [2026-07-26T17:39:54-07:00] ARM yolo_cpu ===
[0;93m2026-07-26 17:39:55.629215792 [W:onnxruntime:Default, device_discovery.cc:283 GetGpuDevices] Failed to detect devices under "/sys/class/drm/card1": device_discovery.cc:93 ReadFileContents Failed to open file: "/sys/class/drm/card1/device/vendor"[m
[0;93m2026-07-26 17:39:55.629263755 [W:onnxruntime:Default, device_discovery.cc:283 GetGpuDevices] Failed to detect devices under "/sys/class/drm/card0": device_discovery.cc:93 ReadFileContents Failed to open file: "/sys/class/drm/card0/device/vendor"[m
skr-07 compute bench — mode=yolo
  host      : Raspberry Pi 5 Model B Rev 1.1  gov=ondemand
  workload  : {"onnx": "scripts/seeker/weights/nn_tier/n-mono.onnx", "imgsz": 640, "provider": "CPUExecutionProvider"}
  soak      : 750s, temp 49.6 -> 67.2 C (max 67.2), steady (drift +1.07 C)
  throttle  : none (raw ['0x0'])

  STEADY fps (published) : 6.086
    source               : BOUNDED min(decode throughput 6.18, delivered cadence 6.09)
    p10 slow tail        : 5.988
    decode ms med / p90  : 161.865 / 166.988
    bound by             : compute/decode (compute headroom 1.02x)
    tag_frac             : 0.0
  cold warm-up fps       : 6.105 (DIAGNOSTIC ONLY — never the gate number)

  GATE-ELIGIBLE: may be passed to tripod_score --stream-fps

=== [2026-07-26T17:52:25-07:00] ARM yolo_cpu done (exit 0) ===
=== [2026-07-26T17:52:55-07:00] ALL ARMS COMPLETE ===
